INFO NumExpr defaulting to 12 threads.
INFO Loading unsloth/gemma-3-4b-it on cuda…
INFO HTTP Request: HEAD https://huggingface.co/unsloth/gemma-3-4b-it/resolve/main/config.json "HTTP/1.1 307 Temporary Redirect"
INFO HTTP Request: HEAD https://huggingface.co/api/resolve-cache/models/unsloth/gemma-3-4b-it/bf46152c47f5dd20b896357cb51abc4c03b8ee8c/config.json "HTTP/1.1 200 OK"
INFO HTTP Request: HEAD https://huggingface.co/unsloth/gemma-3-4b-it/resolve/main/tokenizer_config.json "HTTP/1.1 307 Temporary Redirect"
Warning: You are sending unauthenticated requests to the HF Hub. Please set a HF_TOKEN to enable higher rate limits and faster downloads.
WARNING Warning: You are sending unauthenticated requests to the HF Hub. Please set a HF_TOKEN to enable higher rate limits and faster downloads.
INFO HTTP Request: HEAD https://huggingface.co/api/resolve-cache/models/unsloth/gemma-3-4b-it/bf46152c47f5dd20b896357cb51abc4c03b8ee8c/tokenizer_config.json "HTTP/1.1 200 OK"
INFO HTTP Request: GET https://huggingface.co/api/models/unsloth/gemma-3-4b-it/tree/main/additional_chat_templates?recursive=false&expand=false "HTTP/1.1 404 Not Found"
INFO HTTP Request: GET https://huggingface.co/api/models/unsloth/gemma-3-4b-it/tree/main?recursive=true&expand=false "HTTP/1.1 200 OK"
INFO HTTP Request: GET https://huggingface.co/api/models/unsloth/gemma-3-4b-it "HTTP/1.1 200 OK"
INFO Model dtype: torch.bfloat16
INFO HTTP Request: HEAD https://huggingface.co/unsloth/gemma-3-4b-it/resolve/main/config.json "HTTP/1.1 307 Temporary Redirect"
INFO HTTP Request: HEAD https://huggingface.co/api/resolve-cache/models/unsloth/gemma-3-4b-it/bf46152c47f5dd20b896357cb51abc4c03b8ee8c/config.json "HTTP/1.1 200 OK"
[transformers] `torch_dtype` is deprecated! Use `dtype` instead!
INFO HTTP Request: HEAD https://huggingface.co/unsloth/gemma-3-4b-it/resolve/main/config.json "HTTP/1.1 307 Temporary Redirect"
INFO HTTP Request: HEAD https://huggingface.co/api/resolve-cache/models/unsloth/gemma-3-4b-it/bf46152c47f5dd20b896357cb51abc4c03b8ee8c/config.json "HTTP/1.1 200 OK"
Loading weights:   0%|          | 0/883 [00:00<?, ?it/s]Loading weights:  54%|█████▎    | 474/883 [00:00<00:00, 4739.58it/s]Loading weights: 100%|██████████| 883/883 [00:00<00:00, 4631.48it/s]
INFO HTTP Request: HEAD https://huggingface.co/unsloth/gemma-3-4b-it/resolve/main/generation_config.json "HTTP/1.1 307 Temporary Redirect"
INFO HTTP Request: HEAD https://huggingface.co/api/resolve-cache/models/unsloth/gemma-3-4b-it/bf46152c47f5dd20b896357cb51abc4c03b8ee8c/generation_config.json "HTTP/1.1 200 OK"
INFO [extraversion] layer 15 (ladder geometry)
INFO [extraversion] baseline ev=3.0623
INFO [extraversion] level 9 prompted ev=4.8311 (|disp|=2824.1)
INFO [extraversion] level 9 full patch ev=2.6858 locked=False
INFO [extraversion] level 9 rank1  ev=2.8258 (covers 43% of |disp|)
INFO [extraversion] level 9 rank8  ev=3.0714 (covers 87% of |disp|)
INFO [extraversion] level 9 probe@own-span ev=3.0655 (mag 154.3)
INFO [extraversion] level 1 prompted ev=1.5739 (|disp|=3236.2)
INFO [extraversion] level 1 full patch ev=2.7560 locked=False
INFO [extraversion] level 1 rank1  ev=2.9301 (covers 60% of |disp|)
INFO [extraversion] level 1 rank8  ev=3.0282 (covers 91% of |disp|)
INFO [extraversion] level 1 probe@own-span ev=3.0564 (mag 154.3)
INFO [agreeableness] layer 14 (ladder geometry)
INFO [agreeableness] baseline ev=3.0159
INFO [agreeableness] level 9 prompted ev=4.5758 (|disp|=2138.4)
INFO [agreeableness] level 9 full patch ev=2.8776 locked=False
INFO [agreeableness] level 9 rank1  ev=2.9481 (covers 89% of |disp|)
INFO [agreeableness] level 9 rank8  ev=2.9833 (covers 94% of |disp|)
INFO [agreeableness] level 9 probe@own-span ev=3.0178 (mag 53.2)
INFO [agreeableness] level 1 prompted ev=1.5107 (|disp|=2131.3)
INFO [agreeableness] level 1 full patch ev=2.8959 locked=False
INFO [agreeableness] level 1 rank1  ev=2.9474 (covers 88% of |disp|)
INFO [agreeableness] level 1 rank8  ev=2.9966 (covers 94% of |disp|)
INFO [agreeableness] level 1 probe@own-span ev=3.0128 (mag 53.2)
INFO [conscientiousness] layer 13 (geometry best layer 29 outside band 10-27)
INFO [conscientiousness] baseline ev=2.7737
INFO [conscientiousness] level 9 prompted ev=4.9997 (|disp|=2057.9)
INFO [conscientiousness] level 9 full patch ev=2.1829 locked=False
INFO [conscientiousness] level 9 rank1  ev=2.6189 (covers 96% of |disp|)
INFO [conscientiousness] level 9 rank8  ev=2.6238 (covers 96% of |disp|)
INFO [conscientiousness] level 9 probe@own-span ev=2.7629 (mag 35.0)
INFO [conscientiousness] level 1 prompted ev=1.0040 (|disp|=1831.2)
INFO [conscientiousness] level 1 full patch ev=2.1757 locked=False
INFO [conscientiousness] level 1 rank1  ev=2.6298 (covers 95% of |disp|)
INFO [conscientiousness] level 1 rank8  ev=2.6614 (covers 95% of |disp|)
INFO [conscientiousness] level 1 probe@own-span ev=2.7846 (mag 35.0)
INFO [neuroticism] layer 20 (ladder geometry)
INFO [neuroticism] baseline ev=3.3000
INFO [neuroticism] level 9 prompted ev=4.8785 (|disp|=2173.7)
INFO [neuroticism] level 9 full patch ev=3.5243 locked=False
INFO [neuroticism] level 9 rank1  ev=3.3016 (covers 29% of |disp|)
INFO [neuroticism] level 9 rank8  ev=3.4185 (covers 53% of |disp|)
INFO [neuroticism] level 9 probe@own-span ev=3.2901 (mag 453.3)
INFO [neuroticism] level 1 prompted ev=2.0775 (|disp|=2381.6)
INFO [neuroticism] level 1 full patch ev=3.2191 locked=False
INFO [neuroticism] level 1 rank1  ev=3.0928 (covers 49% of |disp|)
INFO [neuroticism] level 1 rank8  ev=3.2006 (covers 63% of |disp|)
INFO [neuroticism] level 1 probe@own-span ev=3.2899 (mag 453.3)
INFO [openness] layer 19 (ladder geometry)
INFO [openness] baseline ev=3.4428
INFO [openness] level 9 prompted ev=4.7637 (|disp|=1846.0)
INFO [openness] level 9 full patch ev=3.5224 locked=False
INFO [openness] level 9 rank1  ev=3.2047 (covers 36% of |disp|)
INFO [openness] level 9 rank8  ev=3.1518 (covers 49% of |disp|)
INFO [openness] level 9 probe@own-span ev=3.3704 (mag 486.6)
INFO [openness] level 1 prompted ev=3.0456 (|disp|=1919.7)
INFO [openness] level 1 full patch ev=3.4030 locked=False
INFO [openness] level 1 rank1  ev=3.1775 (covers 45% of |disp|)
INFO [openness] level 1 rank8  ev=3.4332 (covers 55% of |disp|)
INFO [openness] level 1 probe@own-span ev=3.4822 (mag 486.6)

====================================================================================================
CAN A LAYER-LOCAL EDIT REPRODUCE THE PROMPT?  (ev on the target trait)
====================================================================================================
trait            lvl   base  prompted    full   rank1   rank2   rank4   rank8   probe
extraversion       9  3.062     4.831   2.686   2.826       -       -   3.071   3.066
extraversion       1  3.062     1.574   2.756   2.930       -       -   3.028   3.056
agreeableness      9  3.016     4.576   2.878   2.948       -       -   2.983   3.018
agreeableness      1  3.016     1.511   2.896   2.947       -       -   2.997   3.013
conscientiousness   9  2.774     5.000   2.183   2.619       -       -   2.624   2.763
conscientiousness   1  2.774     1.004   2.176   2.630       -       -   2.661   2.785
neuroticism        9  3.300     4.878   3.524   3.302       -       -   3.418   3.290
neuroticism        1  3.300     2.078   3.219   3.093       -       -   3.201   3.290
openness           9  3.443     4.764   3.522   3.205       -       -   3.152   3.370
openness           1  3.443     3.046   3.403   3.178       -       -   3.433   3.482

wrote /content/patch_last.json
